******************************************************************************
                  TI ARM Linker PC v18.1.1                     
******************************************************************************
>> Linked Wed Jul  4 22:40:12 2018

OUTPUT FILE NAME:   <Joystick_Tiva.out>
ENTRY POINT SYMBOL: "_c_int00_noargs"  address: 00000c91


MEMORY CONFIGURATION

         name            origin    length      used     unused   attr    fill
----------------------  --------  ---------  --------  --------  ----  --------
  FLASH                 00000000   00040000  00000d2c  0003f2d4  R  X
  SRAM                  20000000   00008000  0000022c  00007dd4  RW X


SEGMENT ALLOCATION MAP

run origin  load origin   length   init length attrs members
----------  ----------- ---------- ----------- ----- -------
00000000    00000000    00000d30   00000d30    r-x
  00000000    00000000    0000026c   0000026c    r-- .intvecs
  0000026c    0000026c    00000a90   00000a90    r-x .text
  00000d00    00000d00    00000030   00000030    r-- .cinit
20000000    20000000    0000022c   00000000    rw-
  20000000    20000000    00000200   00000000    rw- .stack
  20000200    20000200    00000020   00000000    rw- .bss
  20000220    20000220    0000000c   00000000    rw- .data


SECTION ALLOCATION MAP

 output                                  attributes/
section   page    origin      length       input sections
--------  ----  ----------  ----------   ----------------
.intvecs   0    00000000    0000026c     
                  00000000    0000026c     tm4c123gh6pm_startup_ccs.obj (.intvecs)

.text      0    0000026c    00000a90     
                  0000026c    0000079c     main.obj (.text)
                  00000a08    000000ac     uart.obj (.text)
                  00000ab4    0000009c     rtsv7M4_T_le_v4SPD16_eabi.lib : memcpy_t2.asm.obj (.text)
                  00000b50    00000094     adc.obj (.text)
                  00000be4    00000068     rtsv7M4_T_le_v4SPD16_eabi.lib : copy_decompress_lzss.c.obj (.text:decompress:lzss:__TI_decompress_lzss)
                  00000c4c    00000044                                   : autoinit.c.obj (.text:__TI_auto_init_nobinit_nopinit:__TI_auto_init_nobinit_nopinit)
                  00000c90    00000038                                   : boot_cortex_m.c.obj (.text:_c_int00_noargs:_c_int00_noargs)
                  00000cc8    00000012                                   : copy_zero_init.c.obj (.text:decompress:ZI:__TI_zero_init_nomemset:__TI_zero_init_nomemset)
                  00000cda    0000000e                                   : copy_decompress_none.c.obj (.text:decompress:none:__TI_decompress_none)
                  00000ce8    0000000c     tm4c123gh6pm_startup_ccs.obj (.text)
                  00000cf4    00000004     rtsv7M4_T_le_v4SPD16_eabi.lib : pre_init.c.obj (.text:_system_pre_init)
                  00000cf8    00000004                                   : exit.c.obj (.text:abort:abort)

.cinit     0    00000d00    00000030     
                  00000d00    0000000c     (__TI_handler_table)
                  00000d0c    00000004     --HOLE-- [fill = 0]
                  00000d10    00000008     (.cinit..bss.load) [load image, compression = zero_init]
                  00000d18    00000007     (.cinit..data.load) [load image, compression = lzss]
                  00000d1f    00000001     --HOLE-- [fill = 0]
                  00000d20    00000010     (__TI_cinit_table)

.init_array 
*          0    00000000    00000000     UNINITIALIZED

.bss       0    20000200    00000020     UNINITIALIZED
                  20000200    00000010     (.common:leitura1aux)
                  20000210    00000010     (.common:leitura2aux)

.data      0    20000220    0000000c     UNINITIALIZED
                  20000220    0000000c     main.obj (.data)

.stack     0    20000000    00000200     UNINITIALIZED
                  20000000    00000004     rtsv7M4_T_le_v4SPD16_eabi.lib : boot_cortex_m.c.obj (.stack)
                  20000004    000001fc     --HOLE--

MODULE SUMMARY

       Module                         code   ro data   rw data
       ------                         ----   -------   -------
    .\
       main.obj                       1948   0         44     
       tm4c123gh6pm_startup_ccs.obj   12     620       0      
       uart.obj                       172    0         0      
       adc.obj                        148    0         0      
    +--+------------------------------+------+---------+---------+
       Total:                         2280   620       44     
                                                              
    C:\ti\ccsv8\tools\compiler\ti-cgt-arm_18.1.1.LTS\lib\rtsv7M4_T_le_v4SPD16_eabi.lib
       memcpy_t2.asm.obj              156    0         0      
       copy_decompress_lzss.c.obj     104    0         0      
       autoinit.c.obj                 68     0         0      
       boot_cortex_m.c.obj            56     0         0      
       copy_zero_init.c.obj           18     0         0      
       copy_decompress_none.c.obj     14     0         0      
       exit.c.obj                     4      0         0      
       pre_init.c.obj                 4      0         0      
    +--+------------------------------+------+---------+---------+
       Total:                         424    0         0      
                                                              
       Stack:                         0      0         512    
       Linker Generated:              0      43        0      
    +--+------------------------------+------+---------+---------+
       Grand Total:                   2704   663       556    


LINKER GENERATED COPY TABLES

__TI_cinit_table @ 00000d20 records: 2, size/record: 8, table size: 16
	.bss: load addr=00000d10, load size=00000008 bytes, run addr=20000200, run size=00000020 bytes, compression=zero_init
	.data: load addr=00000d18, load size=00000007 bytes, run addr=20000220, run size=0000000c bytes, compression=lzss


LINKER GENERATED HANDLER TABLE

__TI_handler_table @ 00000d00 records: 3, size/record: 4, table size: 12
	index: 0, handler: __TI_decompress_lzss
	index: 1, handler: __TI_decompress_none
	index: 2, handler: __TI_zero_init


GLOBAL SYMBOLS: SORTED ALPHABETICALLY BY Name 

address   name                          
-------   ----                          
00000cf9  C$$EXIT                       
0000094b  ConverterLeitura              
00000ce9  ResetISR                      
20000200  __STACK_END                   
00000200  __STACK_SIZE                  
20000200  __STACK_TOP                   
00000d20  __TI_CINIT_Base               
00000d30  __TI_CINIT_Limit              
00000d00  __TI_Handler_Table_Base       
00000d0c  __TI_Handler_Table_Limit      
00000c4d  __TI_auto_init_nobinit_nopinit
00000be5  __TI_decompress_lzss          
00000cdb  __TI_decompress_none          
ffffffff  __TI_pprof_out_hndl           
ffffffff  __TI_prof_data_size           
ffffffff  __TI_prof_data_start          
00000000  __TI_static_base__            
00000cc9  __TI_zero_init_nomemset       
00000ab5  __aeabi_memcpy                
00000ab5  __aeabi_memcpy4               
00000ab5  __aeabi_memcpy8               
ffffffff  __binit__                     
ffffffff  __c_args__                    
UNDEFED   __mpu_init                    
20000000  __stack                       
00000c91  _c_int00_noargs               
UNDEFED   _system_post_cinit            
00000cf5  _system_pre_init              
00000cf9  abort                         
00000b51  ativarADC                     
000002a5  ativarPorts                   
ffffffff  binit                         
00000b65  configurarADC0                
00000b8b  configurarADC1                
00000363  configurarPortB               
00000413  configurarPortC               
000004bf  configurarPortD               
0000050d  configurarPortE               
0000026d  configurarSystick             
00000a6d  escreverUART0                 
00000983  escreverValorLeitura          
00000000  g_pfnVectors                  
000002b5  inicializarPinoB              
000002ef  inicializarPinoC              
00000329  inicializarPinoE              
00000a09  inicializarUART0              
00000283  interrupcaoSystick            
20000200  leitura1aux                   
20000210  leitura2aux                   
0000070d  leituraAIN6                   
00000839  leituraAIN7                   
20000220  leituraAtual1                 
20000224  leituraAtual2                 
00000a59  lerUART0                      
000009b9  main                          
00000ab5  memcpy                        
20000228  start                         


GLOBAL SYMBOLS: SORTED BY Symbol Address 

address   name                          
-------   ----                          
00000000  __TI_static_base__            
00000000  g_pfnVectors                  
00000200  __STACK_SIZE                  
0000026d  configurarSystick             
00000283  interrupcaoSystick            
000002a5  ativarPorts                   
000002b5  inicializarPinoB              
000002ef  inicializarPinoC              
00000329  inicializarPinoE              
00000363  configurarPortB               
00000413  configurarPortC               
000004bf  configurarPortD               
0000050d  configurarPortE               
0000070d  leituraAIN6                   
00000839  leituraAIN7                   
0000094b  ConverterLeitura              
00000983  escreverValorLeitura          
000009b9  main                          
00000a09  inicializarUART0              
00000a59  lerUART0                      
00000a6d  escreverUART0                 
00000ab5  __aeabi_memcpy                
00000ab5  __aeabi_memcpy4               
00000ab5  __aeabi_memcpy8               
00000ab5  memcpy                        
00000b51  ativarADC                     
00000b65  configurarADC0                
00000b8b  configurarADC1                
00000be5  __TI_decompress_lzss          
00000c4d  __TI_auto_init_nobinit_nopinit
00000c91  _c_int00_noargs               
00000cc9  __TI_zero_init_nomemset       
00000cdb  __TI_decompress_none          
00000ce9  ResetISR                      
00000cf5  _system_pre_init              
00000cf9  C$$EXIT                       
00000cf9  abort                         
00000d00  __TI_Handler_Table_Base       
00000d0c  __TI_Handler_Table_Limit      
00000d20  __TI_CINIT_Base               
00000d30  __TI_CINIT_Limit              
20000000  __stack                       
20000200  __STACK_END                   
20000200  __STACK_TOP                   
20000200  leitura1aux                   
20000210  leitura2aux                   
20000220  leituraAtual1                 
20000224  leituraAtual2                 
20000228  start                         
ffffffff  __TI_pprof_out_hndl           
ffffffff  __TI_prof_data_size           
ffffffff  __TI_prof_data_start          
ffffffff  __binit__                     
ffffffff  __c_args__                    
ffffffff  binit                         
UNDEFED   __mpu_init                    
UNDEFED   _system_post_cinit            

[57 symbols]
