******************************************************************************
                  TI ARM Linker PC v18.1.1                     
******************************************************************************
>> Linked Mon Jul  2 00:48:41 2018

OUTPUT FILE NAME:   <Trabalho_Bimestral_2Bim.out>
ENTRY POINT SYMBOL: "_c_int00_noargs"  address: 00000791


MEMORY CONFIGURATION

         name            origin    length      used     unused   attr    fill
----------------------  --------  ---------  --------  --------  ----  --------
  FLASH                 00000000   00040000  00000802  0003f7fe  R  X
  SRAM                  20000000   00008000  00000204  00007dfc  RW X


SEGMENT ALLOCATION MAP

run origin  load origin   length   init length attrs members
----------  ----------- ---------- ----------- ----- -------
00000000    00000000    00000808   00000808    r-x
  00000000    00000000    0000026c   0000026c    r-- .intvecs
  0000026c    0000026c    0000057e   0000057e    r-x .text
  000007f0    000007f0    00000018   00000018    r-- .cinit
20000000    20000000    00000204   00000000    rw-
  20000000    20000000    00000200   00000000    rw- .stack
  20000200    20000200    00000004   00000000    rw- .data


SECTION ALLOCATION MAP

 output                                  attributes/
section   page    origin      length       input sections
--------  ----  ----------  ----------   ----------------
.intvecs   0    00000000    0000026c     
                  00000000    0000026c     tm4c123gh6pm_startup_ccs.obj (.intvecs)

.text      0    0000026c    0000057e     
                  0000026c    0000029c     main.obj (.text)
                  00000508    000000ac     uart.obj (.text)
                  000005b4    0000009c     rtsv7M4_T_le_v4SPD16_eabi.lib : memcpy_t2.asm.obj (.text)
                  00000650    00000094     adc.obj (.text)
                  000006e4    00000068     rtsv7M4_T_le_v4SPD16_eabi.lib : copy_decompress_lzss.c.obj (.text:decompress:lzss:__TI_decompress_lzss)
                  0000074c    00000044                                   : autoinit.c.obj (.text:__TI_auto_init_nobinit_nopinit:__TI_auto_init_nobinit_nopinit)
                  00000790    00000038                                   : boot_cortex_m.c.obj (.text:_c_int00_noargs:_c_int00_noargs)
                  000007c8    0000000e                                   : copy_decompress_none.c.obj (.text:decompress:none:__TI_decompress_none)
                  000007d6    0000000c     tm4c123gh6pm_startup_ccs.obj (.text)
                  000007e2    00000004     rtsv7M4_T_le_v4SPD16_eabi.lib : pre_init.c.obj (.text:_system_pre_init)
                  000007e6    00000004                                   : exit.c.obj (.text:abort:abort)

.cinit     0    000007f0    00000018     
                  000007f0    00000008     (__TI_handler_table)
                  000007f8    00000007     (.cinit..data.load) [load image, compression = lzss]
                  000007ff    00000001     --HOLE-- [fill = 0]
                  00000800    00000008     (__TI_cinit_table)

.init_array 
*          0    00000000    00000000     UNINITIALIZED

.data      0    20000200    00000004     UNINITIALIZED
                  20000200    00000004     main.obj (.data)

.stack     0    20000000    00000200     UNINITIALIZED
                  20000000    00000004     rtsv7M4_T_le_v4SPD16_eabi.lib : boot_cortex_m.c.obj (.stack)
                  20000004    000001fc     --HOLE--

MODULE SUMMARY

       Module                         code   ro data   rw data
       ------                         ----   -------   -------
    .\
       main.obj                       668    0         4      
       tm4c123gh6pm_startup_ccs.obj   12     620       0      
       uart.obj                       172    0         0      
       adc.obj                        148    0         0      
    +--+------------------------------+------+---------+---------+
       Total:                         1000   620       4      
                                                              
    C:\ti\ccsv8\tools\compiler\ti-cgt-arm_18.1.1.LTS\lib\rtsv7M4_T_le_v4SPD16_eabi.lib
       memcpy_t2.asm.obj              156    0         0      
       copy_decompress_lzss.c.obj     104    0         0      
       autoinit.c.obj                 68     0         0      
       boot_cortex_m.c.obj            56     0         0      
       copy_decompress_none.c.obj     14     0         0      
       exit.c.obj                     4      0         0      
       pre_init.c.obj                 4      0         0      
    +--+------------------------------+------+---------+---------+
       Total:                         406    0         0      
                                                              
       Stack:                         0      0         512    
       Linker Generated:              0      23        0      
    +--+------------------------------+------+---------+---------+
       Grand Total:                   1406   643       516    


LINKER GENERATED COPY TABLES

__TI_cinit_table @ 00000800 records: 1, size/record: 8, table size: 8
	.data: load addr=000007f8, load size=00000007 bytes, run addr=20000200, run size=00000004 bytes, compression=lzss


LINKER GENERATED HANDLER TABLE

__TI_handler_table @ 000007f0 records: 2, size/record: 4, table size: 8
	index: 0, handler: __TI_decompress_lzss
	index: 1, handler: __TI_decompress_none


GLOBAL SYMBOLS: SORTED ALPHABETICALLY BY Name 

address   name                          
-------   ----                          
000007e7  C$$EXIT                       
000007d7  ResetISR                      
20000200  __STACK_END                   
00000200  __STACK_SIZE                  
20000200  __STACK_TOP                   
00000800  __TI_CINIT_Base               
00000808  __TI_CINIT_Limit              
000007f0  __TI_Handler_Table_Base       
000007f8  __TI_Handler_Table_Limit      
0000074d  __TI_auto_init_nobinit_nopinit
000006e5  __TI_decompress_lzss          
000007c9  __TI_decompress_none          
ffffffff  __TI_pprof_out_hndl           
ffffffff  __TI_prof_data_size           
ffffffff  __TI_prof_data_start          
00000000  __TI_static_base__            
000005b5  __aeabi_memcpy                
000005b5  __aeabi_memcpy4               
000005b5  __aeabi_memcpy8               
ffffffff  __binit__                     
ffffffff  __c_args__                    
UNDEFED   __mpu_init                    
20000000  __stack                       
00000791  _c_int00_noargs               
UNDEFED   _system_post_cinit            
000007e3  _system_pre_init              
000007e7  abort                         
00000651  ativarADC                     
00000293  ativarPorts                   
ffffffff  binit                         
00000665  configurarADC0                
0000068b  configurarADC1                
00000351  configurarPortB               
0000037d  configurarPortC               
000003bd  configurarPortE               
0000026d  configurarSystick             
0000056d  escreverUART0                 
00000000  g_pfnVectors                  
000002a3  inicializarPinoB              
000002dd  inicializarPinoC              
00000317  inicializarPinoE              
00000509  inicializarUART0              
00000289  interrupcaoSystick            
00000559  lerUART0                      
00000449  main                          
000005b5  memcpy                        
20000200  systickMillis                 


GLOBAL SYMBOLS: SORTED BY Symbol Address 

address   name                          
-------   ----                          
00000000  __TI_static_base__            
00000000  g_pfnVectors                  
00000200  __STACK_SIZE                  
0000026d  configurarSystick             
00000289  interrupcaoSystick            
00000293  ativarPorts                   
000002a3  inicializarPinoB              
000002dd  inicializarPinoC              
00000317  inicializarPinoE              
00000351  configurarPortB               
0000037d  configurarPortC               
000003bd  configurarPortE               
00000449  main                          
00000509  inicializarUART0              
00000559  lerUART0                      
0000056d  escreverUART0                 
000005b5  __aeabi_memcpy                
000005b5  __aeabi_memcpy4               
000005b5  __aeabi_memcpy8               
000005b5  memcpy                        
00000651  ativarADC                     
00000665  configurarADC0                
0000068b  configurarADC1                
000006e5  __TI_decompress_lzss          
0000074d  __TI_auto_init_nobinit_nopinit
00000791  _c_int00_noargs               
000007c9  __TI_decompress_none          
000007d7  ResetISR                      
000007e3  _system_pre_init              
000007e7  C$$EXIT                       
000007e7  abort                         
000007f0  __TI_Handler_Table_Base       
000007f8  __TI_Handler_Table_Limit      
00000800  __TI_CINIT_Base               
00000808  __TI_CINIT_Limit              
20000000  __stack                       
20000200  __STACK_END                   
20000200  __STACK_TOP                   
20000200  systickMillis                 
ffffffff  __TI_pprof_out_hndl           
ffffffff  __TI_prof_data_size           
ffffffff  __TI_prof_data_start          
ffffffff  __binit__                     
ffffffff  __c_args__                    
ffffffff  binit                         
UNDEFED   __mpu_init                    
UNDEFED   _system_post_cinit            

[47 symbols]
